// Jest Snapshot v1, https://goo.gl/fbAQLP

exports[`<Main />:  Renders correctly 1`] = `
<View
  style={
    Object {
      "alignItems": "center",
      "flex": 1,
      "justifyContent": "center",
    }
  }
>
  <Text
    accessible={true}
    allowFontScaling={true}
    ellipsizeMode="tail"
    style={
      Object {
        "fontSize": 28,
      }
    }
  >
    react-native-typescript-redux
  </Text>
  <Text
    accessible={true}
    allowFontScaling={true}
    ellipsizeMode="tail"
    style={
      Object {
        "fontSize": 56,
      }
    }
  >
    ðŸŒŠ
  </Text>
  <Text
    accessible={true}
    allowFontScaling={true}
    ellipsizeMode="tail"
  >
    A quick start boilerplate for React-Native, Typescript, Redux, and React-Navigation Mobile Apps.
  </Text>
</View>
`;
